0
0
248160799
946824203
934862950
938867606
515738879
922231092
967179605
737891055
499002000
193179029
346241718
184945186
324959253
753054279
599221605
691613092
797397672
578225987
788584264
75597343
858865259
382700766
699448967
711640606
614576898
494160192
719924434
721902579
891387353
861123254
672647366
625219060
981458993
465158462
774648850
984732160
198773238
423548703
957398903
359285180
448490182
321319094
279275317
713788983
789440886
17154030
196231165
112973491
417962775
907978703
660873523
148051949
452428263
469280396
