&3
0 0 0 0 
0 443664157 554580196 998244352 
0 998244352 1 998244352 
1 0
2 0
3 0
0
0
