0
395607423
417436963
439429477
984513910
820675734
924315064
595229575
429939449
471822240
331926656
819524713
268083068
111267197
807868821
802461785
585414872
503217042
508322745
211116240
987113983
270404503
416405987
113106727
631026708
324636257
512410901
156578153
899611226
870803700
664046177
478703510
440471096
228267105
39758442
755037652
933730125
357061914
15551002
693219025
548351365
731348041
858445971
718522019
483516945
911207705
874297725
873664369
983036266
852074674
616220734
279278173
505085220
461764945
896913719
364968073
218659828
98624404
355890495
756471578
114049823
921279079
923973850
903908135
69860121
441768675
395323533
743910542
217638268
207572869
510786598
286093384
428712557
732377139
789178576
819529959
993029189
553413409
759306724
348581397
476341932
559086005
758737799
788320429
875239526
27568603
456961676
385302027
370367622
979452206
724275281
518536476
868857174
302409669
358646112
897204967
907704879
389445180
362447207
349085459
